Analysis & Synthesis report for DE2_115
Sat Jun 22 20:37:03 2019
Quartus II 64-Bit Version 15.0.0 Build 145 04/22/2015 SJ Full Version


---------------------
; Table of Contents ;
---------------------
  1. Legal Notice
  2. Analysis & Synthesis Summary
  3. Analysis & Synthesis Settings
  4. Parallel Compilation
  5. Analysis & Synthesis Source Files Read
  6. Analysis & Synthesis Resource Usage Summary
  7. Analysis & Synthesis Resource Utilization by Entity
  8. Registers Removed During Synthesis
  9. General Register Statistics
 10. Multiplexer Restructuring Statistics (Restructuring Performed)
 11. Parameter Settings for User Entity Instance: Debounce:debounce0
 12. Parameter Settings for User Entity Instance: Debounce:debounce1
 13. Parameter Settings for User Entity Instance: VGA:vga
 14. Parameter Settings for User Entity Instance: Joystick:p1|Debounce:up
 15. Parameter Settings for User Entity Instance: Joystick:p1|Debounce:down
 16. Parameter Settings for User Entity Instance: Joystick:p1|Debounce:left
 17. Parameter Settings for User Entity Instance: Joystick:p1|Debounce:right
 18. Parameter Settings for User Entity Instance: Joystick:p1|Debounce:fire
 19. Port Connectivity Checks: "Joystick:p1|Debounce:fire"
 20. Port Connectivity Checks: "Joystick:p1|Debounce:right"
 21. Port Connectivity Checks: "Joystick:p1|Debounce:left"
 22. Port Connectivity Checks: "Joystick:p1|Debounce:down"
 23. Port Connectivity Checks: "Joystick:p1|Debounce:up"
 24. Port Connectivity Checks: "Joystick:p1"
 25. Port Connectivity Checks: "VGA:vga|Symbol:symbol"
 26. Port Connectivity Checks: "VGA:vga"
 27. Port Connectivity Checks: "Debounce:debounce1"
 28. Port Connectivity Checks: "Debounce:debounce0"
 29. Post-Synthesis Netlist Statistics for Top Partition
 30. Elapsed Time Per Partition
 31. Analysis & Synthesis Messages



----------------
; Legal Notice ;
----------------
Copyright (C) 1991-2015 Altera Corporation. All rights reserved.
Your use of Altera Corporation's design tools, logic functions 
and other software and tools, and its AMPP partner logic 
functions, and any output files from any of the foregoing 
(including device programming or simulation files), and any 
associated documentation or information are expressly subject 
to the terms and conditions of the Altera Program License 
Subscription Agreement, the Altera Quartus II License Agreement,
the Altera MegaCore Function License Agreement, or other 
applicable license agreement, including, without limitation, 
that your use is for the sole purpose of programming logic 
devices manufactured by Altera and sold by Altera or its 
authorized distributors.  Please refer to the applicable 
agreement for further details.



+----------------------------------------------------------------------------------+
; Analysis & Synthesis Summary                                                     ;
+------------------------------------+---------------------------------------------+
; Analysis & Synthesis Status        ; Successful - Sat Jun 22 20:37:03 2019       ;
; Quartus II 64-Bit Version          ; 15.0.0 Build 145 04/22/2015 SJ Full Version ;
; Revision Name                      ; DE2_115                                     ;
; Top-level Entity Name              ; DE2_115                                     ;
; Family                             ; Cyclone IV E                                ;
; Total logic elements               ; 328                                         ;
;     Total combinational functions  ; 308                                         ;
;     Dedicated logic registers      ; 105                                         ;
; Total registers                    ; 105                                         ;
; Total pins                         ; 480                                         ;
; Total virtual pins                 ; 0                                           ;
; Total memory bits                  ; 0                                           ;
; Embedded Multiplier 9-bit elements ; 0                                           ;
; Total PLLs                         ; 0                                           ;
+------------------------------------+---------------------------------------------+


+----------------------------------------------------------------------------------------------------------------------+
; Analysis & Synthesis Settings                                                                                        ;
+----------------------------------------------------------------------------+--------------------+--------------------+
; Option                                                                     ; Setting            ; Default Value      ;
+----------------------------------------------------------------------------+--------------------+--------------------+
; Device                                                                     ; EP4CE115F29C7      ;                    ;
; Top-level entity name                                                      ; DE2_115            ; DE2_115            ;
; Family name                                                                ; Cyclone IV E       ; Cyclone V          ;
; Use smart compilation                                                      ; Off                ; Off                ;
; Enable parallel Assembler and TimeQuest Timing Analyzer during compilation ; On                 ; On                 ;
; Enable compact report table                                                ; Off                ; Off                ;
; Restructure Multiplexers                                                   ; Auto               ; Auto               ;
; Create Debugging Nodes for IP Cores                                        ; Off                ; Off                ;
; Preserve fewer node names                                                  ; On                 ; On                 ;
; Disable OpenCore Plus hardware evaluation                                  ; Off                ; Off                ;
; Verilog Version                                                            ; Verilog_2001       ; Verilog_2001       ;
; VHDL Version                                                               ; VHDL_1993          ; VHDL_1993          ;
; State Machine Processing                                                   ; Auto               ; Auto               ;
; Safe State Machine                                                         ; Off                ; Off                ;
; Extract Verilog State Machines                                             ; On                 ; On                 ;
; Extract VHDL State Machines                                                ; On                 ; On                 ;
; Ignore Verilog initial constructs                                          ; Off                ; Off                ;
; Iteration limit for constant Verilog loops                                 ; 5000               ; 5000               ;
; Iteration limit for non-constant Verilog loops                             ; 250                ; 250                ;
; Add Pass-Through Logic to Inferred RAMs                                    ; On                 ; On                 ;
; Infer RAMs from Raw Logic                                                  ; On                 ; On                 ;
; Parallel Synthesis                                                         ; On                 ; On                 ;
; DSP Block Balancing                                                        ; Auto               ; Auto               ;
; NOT Gate Push-Back                                                         ; On                 ; On                 ;
; Power-Up Don't Care                                                        ; On                 ; On                 ;
; Remove Redundant Logic Cells                                               ; Off                ; Off                ;
; Remove Duplicate Registers                                                 ; On                 ; On                 ;
; Ignore CARRY Buffers                                                       ; Off                ; Off                ;
; Ignore CASCADE Buffers                                                     ; Off                ; Off                ;
; Ignore GLOBAL Buffers                                                      ; Off                ; Off                ;
; Ignore ROW GLOBAL Buffers                                                  ; Off                ; Off                ;
; Ignore LCELL Buffers                                                       ; Off                ; Off                ;
; Ignore SOFT Buffers                                                        ; On                 ; On                 ;
; Limit AHDL Integers to 32 Bits                                             ; Off                ; Off                ;
; Optimization Technique                                                     ; Balanced           ; Balanced           ;
; Carry Chain Length                                                         ; 70                 ; 70                 ;
; Auto Carry Chains                                                          ; On                 ; On                 ;
; Auto Open-Drain Pins                                                       ; On                 ; On                 ;
; Perform WYSIWYG Primitive Resynthesis                                      ; Off                ; Off                ;
; Auto ROM Replacement                                                       ; On                 ; On                 ;
; Auto RAM Replacement                                                       ; On                 ; On                 ;
; Auto DSP Block Replacement                                                 ; On                 ; On                 ;
; Auto Shift Register Replacement                                            ; Auto               ; Auto               ;
; Allow Shift Register Merging across Hierarchies                            ; Auto               ; Auto               ;
; Auto Clock Enable Replacement                                              ; On                 ; On                 ;
; Strict RAM Replacement                                                     ; Off                ; Off                ;
; Allow Synchronous Control Signals                                          ; On                 ; On                 ;
; Force Use of Synchronous Clear Signals                                     ; Off                ; Off                ;
; Auto RAM Block Balancing                                                   ; On                 ; On                 ;
; Auto RAM to Logic Cell Conversion                                          ; Off                ; Off                ;
; Auto Resource Sharing                                                      ; Off                ; Off                ;
; Allow Any RAM Size For Recognition                                         ; Off                ; Off                ;
; Allow Any ROM Size For Recognition                                         ; Off                ; Off                ;
; Allow Any Shift Register Size For Recognition                              ; Off                ; Off                ;
; Use LogicLock Constraints during Resource Balancing                        ; On                 ; On                 ;
; Ignore translate_off and synthesis_off directives                          ; Off                ; Off                ;
; Timing-Driven Synthesis                                                    ; On                 ; On                 ;
; Report Parameter Settings                                                  ; On                 ; On                 ;
; Report Source Assignments                                                  ; On                 ; On                 ;
; Report Connectivity Checks                                                 ; On                 ; On                 ;
; Ignore Maximum Fan-Out Assignments                                         ; Off                ; Off                ;
; Synchronization Register Chain Length                                      ; 2                  ; 2                  ;
; PowerPlay Power Optimization During Synthesis                              ; Normal compilation ; Normal compilation ;
; HDL message level                                                          ; Level2             ; Level2             ;
; Suppress Register Optimization Related Messages                            ; Off                ; Off                ;
; Number of Removed Registers Reported in Synthesis Report                   ; 5000               ; 5000               ;
; Number of Swept Nodes Reported in Synthesis Report                         ; 5000               ; 5000               ;
; Number of Inverted Registers Reported in Synthesis Report                  ; 100                ; 100                ;
; Clock MUX Protection                                                       ; On                 ; On                 ;
; Auto Gated Clock Conversion                                                ; Off                ; Off                ;
; Block Design Naming                                                        ; Auto               ; Auto               ;
; SDC constraint protection                                                  ; Off                ; Off                ;
; Synthesis Effort                                                           ; Auto               ; Auto               ;
; Shift Register Replacement - Allow Asynchronous Clear Signal               ; On                 ; On                 ;
; Pre-Mapping Resynthesis Optimization                                       ; Off                ; Off                ;
; Analysis & Synthesis Message Level                                         ; Medium             ; Medium             ;
; Disable Register Merging Across Hierarchies                                ; Auto               ; Auto               ;
; Resource Aware Inference For Block RAM                                     ; On                 ; On                 ;
; Synthesis Seed                                                             ; 1                  ; 1                  ;
+----------------------------------------------------------------------------+--------------------+--------------------+


+------------------------------------------+
; Parallel Compilation                     ;
+----------------------------+-------------+
; Processors                 ; Number      ;
+----------------------------+-------------+
; Number detected on machine ; 8           ;
; Maximum allowed            ; 4           ;
;                            ;             ;
; Average used               ; 1.00        ;
; Maximum used               ; 1           ;
;                            ;             ;
; Usage by Processor         ; % Time Used ;
;     Processor 1            ; 100.0%      ;
;     Processors 2-8         ;   0.0%      ;
+----------------------------+-------------+


+----------------------------------------------------------------------------------------------------------------------------------------------------------------+
; Analysis & Synthesis Source Files Read                                                                                                                         ;
+----------------------------------+-----------------+------------------------------+------------------------------------------------------------------+---------+
; File Name with User-Entered Path ; Used in Netlist ; File Type                    ; File Name with Absolute Path                                     ; Library ;
+----------------------------------+-----------------+------------------------------+------------------------------------------------------------------+---------+
; src/Colon.sv                     ; yes             ; User SystemVerilog HDL File  ; C:/Users/team06/Desktop/dclab_final/src/Colon.sv                 ;         ;
; src/define.sv                    ; yes             ; User SystemVerilog HDL File  ; C:/Users/team06/Desktop/dclab_final/src/define.sv                ;         ;
; src/VGA.sv                       ; yes             ; User SystemVerilog HDL File  ; C:/Users/team06/Desktop/dclab_final/src/VGA.sv                   ;         ;
; src/Symbol.sv                    ; yes             ; User SystemVerilog HDL File  ; C:/Users/team06/Desktop/dclab_final/src/Symbol.sv                ;         ;
; src/StartFrame.sv                ; yes             ; User SystemVerilog HDL File  ; C:/Users/team06/Desktop/dclab_final/src/StartFrame.sv            ;         ;
; src/Joystick.v                   ; yes             ; User Verilog HDL File        ; C:/Users/team06/Desktop/dclab_final/src/Joystick.v               ;         ;
; src/DE2_115/DE2_115.sv           ; yes             ; User SystemVerilog HDL File  ; C:/Users/team06/Desktop/dclab_final/src/DE2_115/DE2_115.sv       ;         ;
; src/Debounce.sv                  ; yes             ; User SystemVerilog HDL File  ; C:/Users/team06/Desktop/dclab_final/src/Debounce.sv              ;         ;
; resource/dat/colon.dat           ; yes             ; Auto-Found Unspecified File  ; C:/Users/team06/Desktop/dclab_final/resource/dat/colon.dat       ;         ;
; resource/dat/1.bmp.dat           ; yes             ; Auto-Found Unspecified File  ; C:/Users/team06/Desktop/dclab_final/resource/dat/1.bmp.dat       ;         ;
; resource/dat/7.bmp.dat           ; yes             ; Auto-Found Unspecified File  ; C:/Users/team06/Desktop/dclab_final/resource/dat/7.bmp.dat       ;         ;
; resource/dat/4.bmp.dat           ; yes             ; Auto-Found Unspecified File  ; C:/Users/team06/Desktop/dclab_final/resource/dat/4.bmp.dat       ;         ;
; resource/dat/2.bmp.dat           ; yes             ; Auto-Found Unspecified File  ; C:/Users/team06/Desktop/dclab_final/resource/dat/2.bmp.dat       ;         ;
; resource/dat/8.bmp.dat           ; yes             ; Auto-Found Unspecified File  ; C:/Users/team06/Desktop/dclab_final/resource/dat/8.bmp.dat       ;         ;
; resource/dat/5.bmp.dat           ; yes             ; Auto-Found Unspecified File  ; C:/Users/team06/Desktop/dclab_final/resource/dat/5.bmp.dat       ;         ;
; resource/dat/3.bmp.dat           ; yes             ; Auto-Found Unspecified File  ; C:/Users/team06/Desktop/dclab_final/resource/dat/3.bmp.dat       ;         ;
; resource/dat/statusshell.dat     ; yes             ; Auto-Found Unspecified File  ; C:/Users/team06/Desktop/dclab_final/resource/dat/statusshell.dat ;         ;
; resource/dat/6.bmp.dat           ; yes             ; Auto-Found Unspecified File  ; C:/Users/team06/Desktop/dclab_final/resource/dat/6.bmp.dat       ;         ;
; resource/dat/9.bmp.dat           ; yes             ; Auto-Found Unspecified File  ; C:/Users/team06/Desktop/dclab_final/resource/dat/9.bmp.dat       ;         ;
; resource/dat/0.bmp.dat           ; yes             ; Auto-Found Unspecified File  ; C:/Users/team06/Desktop/dclab_final/resource/dat/0.bmp.dat       ;         ;
+----------------------------------+-----------------+------------------------------+------------------------------------------------------------------+---------+


+------------------------------------------------------------+
; Analysis & Synthesis Resource Usage Summary                ;
+---------------------------------------------+--------------+
; Resource                                    ; Usage        ;
+---------------------------------------------+--------------+
; Estimated Total logic elements              ; 328          ;
;                                             ;              ;
; Total combinational functions               ; 308          ;
; Logic element usage by number of LUT inputs ;              ;
;     -- 4 input functions                    ; 188          ;
;     -- 3 input functions                    ; 40           ;
;     -- <=2 input functions                  ; 80           ;
;                                             ;              ;
; Logic elements by mode                      ;              ;
;     -- normal mode                          ; 257          ;
;     -- arithmetic mode                      ; 51           ;
;                                             ;              ;
; Total registers                             ; 105          ;
;     -- Dedicated logic registers            ; 105          ;
;     -- I/O registers                        ; 0            ;
;                                             ;              ;
; I/O pins                                    ; 480          ;
;                                             ;              ;
; Embedded Multiplier 9-bit elements          ; 0            ;
;                                             ;              ;
; Maximum fan-out node                        ; KEY[0]~input ;
; Maximum fan-out                             ; 105          ;
; Total fan-out                               ; 2025         ;
; Average fan-out                             ; 1.34         ;
+---------------------------------------------+--------------+


+---------------------------------------------------------------------------------------------------------------------------------------------------------------------------------------------+
; Analysis & Synthesis Resource Utilization by Entity                                                                                                                                         ;
+----------------------------+-------------------+--------------+-------------+--------------+---------+-----------+------+--------------+-------------------------------------+--------------+
; Compilation Hierarchy Node ; LC Combinationals ; LC Registers ; Memory Bits ; DSP Elements ; DSP 9x9 ; DSP 18x18 ; Pins ; Virtual Pins ; Full Hierarchy Name                 ; Library Name ;
+----------------------------+-------------------+--------------+-------------+--------------+---------+-----------+------+--------------+-------------------------------------+--------------+
; |DE2_115                   ; 308 (1)           ; 105 (1)      ; 0           ; 0            ; 0       ; 0         ; 480  ; 0            ; |DE2_115                            ; work         ;
;    |Debounce:debounce0|    ; 5 (5)             ; 4 (4)        ; 0           ; 0            ; 0       ; 0         ; 0    ; 0            ; |DE2_115|Debounce:debounce0         ; work         ;
;    |Debounce:debounce1|    ; 5 (5)             ; 4 (4)        ; 0           ; 0            ; 0       ; 0         ; 0    ; 0            ; |DE2_115|Debounce:debounce1         ; work         ;
;    |Joystick:p1|           ; 25 (0)            ; 20 (0)       ; 0           ; 0            ; 0       ; 0         ; 0    ; 0            ; |DE2_115|Joystick:p1                ; work         ;
;       |Debounce:down|      ; 5 (5)             ; 4 (4)        ; 0           ; 0            ; 0       ; 0         ; 0    ; 0            ; |DE2_115|Joystick:p1|Debounce:down  ; work         ;
;       |Debounce:fire|      ; 5 (5)             ; 4 (4)        ; 0           ; 0            ; 0       ; 0         ; 0    ; 0            ; |DE2_115|Joystick:p1|Debounce:fire  ; work         ;
;       |Debounce:left|      ; 5 (5)             ; 4 (4)        ; 0           ; 0            ; 0       ; 0         ; 0    ; 0            ; |DE2_115|Joystick:p1|Debounce:left  ; work         ;
;       |Debounce:right|     ; 5 (5)             ; 4 (4)        ; 0           ; 0            ; 0       ; 0         ; 0    ; 0            ; |DE2_115|Joystick:p1|Debounce:right ; work         ;
;       |Debounce:up|        ; 5 (5)             ; 4 (4)        ; 0           ; 0            ; 0       ; 0         ; 0    ; 0            ; |DE2_115|Joystick:p1|Debounce:up    ; work         ;
;    |VGA:vga|               ; 272 (161)         ; 76 (76)      ; 0           ; 0            ; 0       ; 0         ; 0    ; 0            ; |DE2_115|VGA:vga                    ; work         ;
;       |Colon:colon|        ; 26 (26)           ; 0 (0)        ; 0           ; 0            ; 0       ; 0         ; 0    ; 0            ; |DE2_115|VGA:vga|Colon:colon        ; work         ;
;       |Symbol:symbol|      ; 85 (85)           ; 0 (0)        ; 0           ; 0            ; 0       ; 0         ; 0    ; 0            ; |DE2_115|VGA:vga|Symbol:symbol      ; work         ;
+----------------------------+-------------------+--------------+-------------+--------------+---------+-----------+------+--------------+-------------------------------------+--------------+
Note: For table entries with two numbers listed, the numbers in parentheses indicate the number of resources of the given type used by the specific entity alone. The numbers listed outside of parentheses indicate the total resources of the given type used by the specific entity and all of its sub-entities in the hierarchy.


+-----------------------------------------------------------------------+
; Registers Removed During Synthesis                                    ;
+---------------------------------------+-------------------------------+
; Register name                         ; Reason for Removal            ;
+---------------------------------------+-------------------------------+
; VGA:vga|frame_x[0]                    ; Merged with VGA:vga|grid_x[0] ;
; Total Number of Removed Registers = 1 ;                               ;
+---------------------------------------+-------------------------------+


+------------------------------------------------------+
; General Register Statistics                          ;
+----------------------------------------------+-------+
; Statistic                                    ; Value ;
+----------------------------------------------+-------+
; Total registers                              ; 105   ;
; Number of registers using Synchronous Clear  ; 0     ;
; Number of registers using Synchronous Load   ; 0     ;
; Number of registers using Asynchronous Clear ; 105   ;
; Number of registers using Asynchronous Load  ; 0     ;
; Number of registers using Clock Enable       ; 37    ;
; Number of registers using Preset             ; 0     ;
+----------------------------------------------+-------+


+----------------------------------------------------------------------------------------------------------------------------------------------+
; Multiplexer Restructuring Statistics (Restructuring Performed)                                                                               ;
+--------------------+-----------+---------------+----------------------+------------------------+------------+--------------------------------+
; Multiplexer Inputs ; Bus Width ; Baseline Area ; Area if Restructured ; Saving if Restructured ; Registered ; Example Multiplexer Output     ;
+--------------------+-----------+---------------+----------------------+------------------------+------------+--------------------------------+
; 5:1                ; 2 bits    ; 6 LEs         ; 2 LEs                ; 4 LEs                  ; No         ; |DE2_115|VGA:vga|symbol_y_w[0] ;
; 67:1               ; 5 bits    ; 220 LEs       ; 5 LEs                ; 215 LEs                ; No         ; |DE2_115|VGA:vga|symbol_y_w[1] ;
; 67:1               ; 5 bits    ; 220 LEs       ; 20 LEs               ; 200 LEs                ; No         ; |DE2_115|VGA:vga|symbol_x_w[5] ;
+--------------------+-----------+---------------+----------------------+------------------------+------------+--------------------------------+


+-----------------------------------------------------------------+
; Parameter Settings for User Entity Instance: Debounce:debounce0 ;
+----------------+-------+----------------------------------------+
; Parameter Name ; Value ; Type                                   ;
+----------------+-------+----------------------------------------+
; CNT_N          ; 7     ; Signed Integer                         ;
+----------------+-------+----------------------------------------+
Note: In order to hide this table in the UI and the text report file, please set the "Show Parameter Settings in Synthesis Report" option in "Analysis and Synthesis Settings -> More Settings" to "Off".


+-----------------------------------------------------------------+
; Parameter Settings for User Entity Instance: Debounce:debounce1 ;
+----------------+-------+----------------------------------------+
; Parameter Name ; Value ; Type                                   ;
+----------------+-------+----------------------------------------+
; CNT_N          ; 7     ; Signed Integer                         ;
+----------------+-------+----------------------------------------+
Note: In order to hide this table in the UI and the text report file, please set the "Show Parameter Settings in Synthesis Report" option in "Analysis and Synthesis Settings -> More Settings" to "Off".


+------------------------------------------------------+
; Parameter Settings for User Entity Instance: VGA:vga ;
+-------------------+------------+---------------------+
; Parameter Name    ; Value      ; Type                ;
+-------------------+------------+---------------------+
; H_SYNC            ; 0001100000 ; Unsigned Binary     ;
; H_BACK            ; 0000110000 ; Unsigned Binary     ;
; H_DISP            ; 1010000000 ; Unsigned Binary     ;
; H_FRONT           ; 0000010000 ; Unsigned Binary     ;
; H_TOTAL           ; 1100100000 ; Unsigned Binary     ;
; V_SYNC            ; 0000000010 ; Unsigned Binary     ;
; V_BACK            ; 0000100001 ; Unsigned Binary     ;
; V_DISP            ; 0111100000 ; Unsigned Binary     ;
; V_FRONT           ; 0000001010 ; Unsigned Binary     ;
; V_TOTAL           ; 1000001101 ; Unsigned Binary     ;
; PIXEL_PER_GRID    ; 1010       ; Unsigned Binary     ;
; STATUS_BAR_HEIGHT ; 000100     ; Unsigned Binary     ;
; WIDTH             ; 0001000000 ; Unsigned Binary     ;
; HEIGHT            ; 0000110000 ; Unsigned Binary     ;
; GAME_HEIGHT       ; 0000101100 ; Unsigned Binary     ;
+-------------------+------------+---------------------+
Note: In order to hide this table in the UI and the text report file, please set the "Show Parameter Settings in Synthesis Report" option in "Analysis and Synthesis Settings -> More Settings" to "Off".


+----------------------------------------------------------------------+
; Parameter Settings for User Entity Instance: Joystick:p1|Debounce:up ;
+----------------+-------+---------------------------------------------+
; Parameter Name ; Value ; Type                                        ;
+----------------+-------+---------------------------------------------+
; CNT_N          ; 7     ; Signed Integer                              ;
+----------------+-------+---------------------------------------------+
Note: In order to hide this table in the UI and the text report file, please set the "Show Parameter Settings in Synthesis Report" option in "Analysis and Synthesis Settings -> More Settings" to "Off".


+------------------------------------------------------------------------+
; Parameter Settings for User Entity Instance: Joystick:p1|Debounce:down ;
+----------------+-------+-----------------------------------------------+
; Parameter Name ; Value ; Type                                          ;
+----------------+-------+-----------------------------------------------+
; CNT_N          ; 7     ; Signed Integer                                ;
+----------------+-------+-----------------------------------------------+
Note: In order to hide this table in the UI and the text report file, please set the "Show Parameter Settings in Synthesis Report" option in "Analysis and Synthesis Settings -> More Settings" to "Off".


+------------------------------------------------------------------------+
; Parameter Settings for User Entity Instance: Joystick:p1|Debounce:left ;
+----------------+-------+-----------------------------------------------+
; Parameter Name ; Value ; Type                                          ;
+----------------+-------+-----------------------------------------------+
; CNT_N          ; 7     ; Signed Integer                                ;
+----------------+-------+-----------------------------------------------+
Note: In order to hide this table in the UI and the text report file, please set the "Show Parameter Settings in Synthesis Report" option in "Analysis and Synthesis Settings -> More Settings" to "Off".


+-------------------------------------------------------------------------+
; Parameter Settings for User Entity Instance: Joystick:p1|Debounce:right ;
+----------------+-------+------------------------------------------------+
; Parameter Name ; Value ; Type                                           ;
+----------------+-------+------------------------------------------------+
; CNT_N          ; 7     ; Signed Integer                                 ;
+----------------+-------+------------------------------------------------+
Note: In order to hide this table in the UI and the text report file, please set the "Show Parameter Settings in Synthesis Report" option in "Analysis and Synthesis Settings -> More Settings" to "Off".


+------------------------------------------------------------------------+
; Parameter Settings for User Entity Instance: Joystick:p1|Debounce:fire ;
+----------------+-------+-----------------------------------------------+
; Parameter Name ; Value ; Type                                          ;
+----------------+-------+-----------------------------------------------+
; CNT_N          ; 7     ; Signed Integer                                ;
+----------------+-------+-----------------------------------------------+
Note: In order to hide this table in the UI and the text report file, please set the "Show Parameter Settings in Synthesis Report" option in "Analysis and Synthesis Settings -> More Settings" to "Off".


+--------------------------------------------------------------------------------------------------------------------------------------+
; Port Connectivity Checks: "Joystick:p1|Debounce:fire"                                                                                ;
+-------+--------+----------+----------------------------------------------------------------------------------------------------------+
; Port  ; Type   ; Severity ; Details                                                                                                  ;
+-------+--------+----------+----------------------------------------------------------------------------------------------------------+
; o_neg ; Output ; Warning  ; Declared by entity but not connected by instance. Logic that only feeds a dangling port will be removed. ;
; o_pos ; Output ; Warning  ; Declared by entity but not connected by instance. Logic that only feeds a dangling port will be removed. ;
+-------+--------+----------+----------------------------------------------------------------------------------------------------------+


+--------------------------------------------------------------------------------------------------------------------------------------+
; Port Connectivity Checks: "Joystick:p1|Debounce:right"                                                                               ;
+-------+--------+----------+----------------------------------------------------------------------------------------------------------+
; Port  ; Type   ; Severity ; Details                                                                                                  ;
+-------+--------+----------+----------------------------------------------------------------------------------------------------------+
; o_neg ; Output ; Warning  ; Declared by entity but not connected by instance. Logic that only feeds a dangling port will be removed. ;
; o_pos ; Output ; Warning  ; Declared by entity but not connected by instance. Logic that only feeds a dangling port will be removed. ;
+-------+--------+----------+----------------------------------------------------------------------------------------------------------+


+--------------------------------------------------------------------------------------------------------------------------------------+
; Port Connectivity Checks: "Joystick:p1|Debounce:left"                                                                                ;
+-------+--------+----------+----------------------------------------------------------------------------------------------------------+
; Port  ; Type   ; Severity ; Details                                                                                                  ;
+-------+--------+----------+----------------------------------------------------------------------------------------------------------+
; o_neg ; Output ; Warning  ; Declared by entity but not connected by instance. Logic that only feeds a dangling port will be removed. ;
; o_pos ; Output ; Warning  ; Declared by entity but not connected by instance. Logic that only feeds a dangling port will be removed. ;
+-------+--------+----------+----------------------------------------------------------------------------------------------------------+


+--------------------------------------------------------------------------------------------------------------------------------------+
; Port Connectivity Checks: "Joystick:p1|Debounce:down"                                                                                ;
+-------+--------+----------+----------------------------------------------------------------------------------------------------------+
; Port  ; Type   ; Severity ; Details                                                                                                  ;
+-------+--------+----------+----------------------------------------------------------------------------------------------------------+
; o_neg ; Output ; Warning  ; Declared by entity but not connected by instance. Logic that only feeds a dangling port will be removed. ;
; o_pos ; Output ; Warning  ; Declared by entity but not connected by instance. Logic that only feeds a dangling port will be removed. ;
+-------+--------+----------+----------------------------------------------------------------------------------------------------------+


+--------------------------------------------------------------------------------------------------------------------------------------+
; Port Connectivity Checks: "Joystick:p1|Debounce:up"                                                                                  ;
+-------+--------+----------+----------------------------------------------------------------------------------------------------------+
; Port  ; Type   ; Severity ; Details                                                                                                  ;
+-------+--------+----------+----------------------------------------------------------------------------------------------------------+
; o_neg ; Output ; Warning  ; Declared by entity but not connected by instance. Logic that only feeds a dangling port will be removed. ;
; o_pos ; Output ; Warning  ; Declared by entity but not connected by instance. Logic that only feeds a dangling port will be removed. ;
+-------+--------+----------+----------------------------------------------------------------------------------------------------------+


+----------------------------------------------------------------------------------------------------------------------------------------+
; Port Connectivity Checks: "Joystick:p1"                                                                                                ;
+---------+--------+----------+----------------------------------------------------------------------------------------------------------+
; Port    ; Type   ; Severity ; Details                                                                                                  ;
+---------+--------+----------+----------------------------------------------------------------------------------------------------------+
; o_up    ; Output ; Warning  ; Declared by entity but not connected by instance. Logic that only feeds a dangling port will be removed. ;
; o_down  ; Output ; Warning  ; Declared by entity but not connected by instance. Logic that only feeds a dangling port will be removed. ;
; o_left  ; Output ; Warning  ; Declared by entity but not connected by instance. Logic that only feeds a dangling port will be removed. ;
; o_right ; Output ; Warning  ; Declared by entity but not connected by instance. Logic that only feeds a dangling port will be removed. ;
; o_fire  ; Output ; Warning  ; Declared by entity but not connected by instance. Logic that only feeds a dangling port will be removed. ;
+---------+--------+----------+----------------------------------------------------------------------------------------------------------+


+---------------------------------------------------+
; Port Connectivity Checks: "VGA:vga|Symbol:symbol" ;
+-----------+-------+----------+--------------------+
; Port      ; Type  ; Severity ; Details            ;
+-----------+-------+----------+--------------------+
; i_type[2] ; Input ; Info     ; Stuck at GND       ;
; i_type[0] ; Input ; Info     ; Stuck at GND       ;
+-----------+-------+----------+--------------------+


+--------------------------------------------------------------------------------------------------------------------------------------------------------------------------------+
; Port Connectivity Checks: "VGA:vga"                                                                                                                                            ;
+-------------+--------+----------+----------------------------------------------------------------------------------------------------------------------------------------------+
; Port        ; Type   ; Severity ; Details                                                                                                                                      ;
+-------------+--------+----------+----------------------------------------------------------------------------------------------------------------------------------------------+
; o_buzy      ; Output ; Warning  ; Declared by entity but not connected by instance. Logic that only feeds a dangling port will be removed.                                     ;
; o_request_x ; Output ; Warning  ; Declared by entity but not connected by instance. Logic that only feeds a dangling port will be removed.                                     ;
; o_request_y ; Output ; Warning  ; Declared by entity but not connected by instance. Logic that only feeds a dangling port will be removed.                                     ;
; i_is_wall   ; Input  ; Warning  ; Declared by entity but not connected by instance. If a default value exists, it will be used.  Otherwise, the port will be connected to GND. ;
; i_tank1_x   ; Input  ; Warning  ; Declared by entity but not connected by instance. If a default value exists, it will be used.  Otherwise, the port will be connected to GND. ;
; i_tank1_y   ; Input  ; Warning  ; Declared by entity but not connected by instance. If a default value exists, it will be used.  Otherwise, the port will be connected to GND. ;
; i_tank1_dir ; Input  ; Warning  ; Declared by entity but not connected by instance. If a default value exists, it will be used.  Otherwise, the port will be connected to GND. ;
; i_tank2_x   ; Input  ; Warning  ; Declared by entity but not connected by instance. If a default value exists, it will be used.  Otherwise, the port will be connected to GND. ;
; i_tank2_y   ; Input  ; Warning  ; Declared by entity but not connected by instance. If a default value exists, it will be used.  Otherwise, the port will be connected to GND. ;
; i_tank2_dir ; Input  ; Warning  ; Declared by entity but not connected by instance. If a default value exists, it will be used.  Otherwise, the port will be connected to GND. ;
+-------------+--------+----------+----------------------------------------------------------------------------------------------------------------------------------------------+


+--------------------------------------------------------------------------------------------------------------------------------------+
; Port Connectivity Checks: "Debounce:debounce1"                                                                                       ;
+-------+--------+----------+----------------------------------------------------------------------------------------------------------+
; Port  ; Type   ; Severity ; Details                                                                                                  ;
+-------+--------+----------+----------------------------------------------------------------------------------------------------------+
; o_neg ; Output ; Warning  ; Declared by entity but not connected by instance. Logic that only feeds a dangling port will be removed. ;
; o_pos ; Output ; Warning  ; Declared by entity but not connected by instance. Logic that only feeds a dangling port will be removed. ;
+-------+--------+----------+----------------------------------------------------------------------------------------------------------+


+--------------------------------------------------------------------------------------------------------------------------------------+
; Port Connectivity Checks: "Debounce:debounce0"                                                                                       ;
+-------+--------+----------+----------------------------------------------------------------------------------------------------------+
; Port  ; Type   ; Severity ; Details                                                                                                  ;
+-------+--------+----------+----------------------------------------------------------------------------------------------------------+
; o_neg ; Output ; Warning  ; Declared by entity but not connected by instance. Logic that only feeds a dangling port will be removed. ;
; o_pos ; Output ; Warning  ; Declared by entity but not connected by instance. Logic that only feeds a dangling port will be removed. ;
+-------+--------+----------+----------------------------------------------------------------------------------------------------------+


+-----------------------------------------------------+
; Post-Synthesis Netlist Statistics for Top Partition ;
+-----------------------+-----------------------------+
; Type                  ; Count                       ;
+-----------------------+-----------------------------+
; boundary_port         ; 480                         ;
; cycloneiii_ff         ; 105                         ;
;     CLR               ; 68                          ;
;     ENA CLR           ; 37                          ;
; cycloneiii_io_obuf    ; 140                         ;
; cycloneiii_lcell_comb ; 309                         ;
;     arith             ; 51                          ;
;         2 data inputs ; 36                          ;
;         3 data inputs ; 15                          ;
;     normal            ; 258                         ;
;         0 data inputs ; 1                           ;
;         1 data inputs ; 12                          ;
;         2 data inputs ; 32                          ;
;         3 data inputs ; 25                          ;
;         4 data inputs ; 188                         ;
;                       ;                             ;
; Max LUT depth         ; 17.00                       ;
; Average LUT depth     ; 6.62                        ;
+-----------------------+-----------------------------+


+-------------------------------+
; Elapsed Time Per Partition    ;
+----------------+--------------+
; Partition Name ; Elapsed Time ;
+----------------+--------------+
; Top            ; 00:00:01     ;
+----------------+--------------+


+-------------------------------+
; Analysis & Synthesis Messages ;
+-------------------------------+
Info: *******************************************************************
Info: Running Quartus II 64-Bit Analysis & Synthesis
    Info: Version 15.0.0 Build 145 04/22/2015 SJ Full Version
    Info: Processing started: Sat Jun 22 20:36:54 2019
Info: Command: quartus_map --read_settings_files=on --write_settings_files=off dclab_final -c DE2_115
Info (11104): Parallel Compilation has detected 8 hyper-threaded processors. However, the extra hyper-threaded processors will not be used by default. Parallel Compilation will use 4 of the 4 physical processors detected instead.
Info (12021): Found 1 design units, including 1 entities, in source file src/colon.sv
    Info (12023): Found entity 1: Colon
Info (12021): Found 0 design units, including 0 entities, in source file src/define.sv
Info (12021): Found 1 design units, including 1 entities, in source file src/vga.sv
    Info (12023): Found entity 1: VGA
Info (12021): Found 1 design units, including 1 entities, in source file src/symbol.sv
    Info (12023): Found entity 1: Symbol
Info (12021): Found 1 design units, including 1 entities, in source file src/startframe.sv
    Info (12023): Found entity 1: StartFrame
Info (12021): Found 1 design units, including 1 entities, in source file src/joystick.v
    Info (12023): Found entity 1: Joystick
Info (12021): Found 1 design units, including 1 entities, in source file src/de2_115/de2_115.sv
    Info (12023): Found entity 1: DE2_115
Info (12021): Found 1 design units, including 1 entities, in source file src/sevenhexdecoder.sv
    Info (12023): Found entity 1: SevenHexDecoder
Info (12021): Found 1 design units, including 1 entities, in source file src/i2csender.sv
    Info (12023): Found entity 1: I2Csender
Info (12021): Found 1 design units, including 1 entities, in source file src/i2cinitialize.sv
    Info (12023): Found entity 1: I2Cinitialize
Info (12021): Found 1 design units, including 1 entities, in source file src/debounce.sv
    Info (12023): Found entity 1: Debounce
Info (12127): Elaborating entity "DE2_115" for the top level hierarchy
Warning (10034): Output port "LEDG[8..5]" at DE2_115.sv(8) has no driver
Warning (10034): Output port "LEDR" at DE2_115.sv(9) has no driver
Warning (10034): Output port "HEX0" at DE2_115.sv(12) has no driver
Warning (10034): Output port "HEX1" at DE2_115.sv(13) has no driver
Warning (10034): Output port "HEX2" at DE2_115.sv(14) has no driver
Warning (10034): Output port "HEX3" at DE2_115.sv(15) has no driver
Warning (10034): Output port "HEX4" at DE2_115.sv(16) has no driver
Warning (10034): Output port "HEX5" at DE2_115.sv(17) has no driver
Warning (10034): Output port "HEX6" at DE2_115.sv(18) has no driver
Warning (10034): Output port "HEX7" at DE2_115.sv(19) has no driver
Warning (10034): Output port "ENET0_TX_DATA" at DE2_115.sv(69) has no driver
Warning (10034): Output port "ENET1_TX_DATA" at DE2_115.sv(85) has no driver
Warning (10034): Output port "OTG_ADDR" at DE2_115.sv(95) has no driver
Warning (10034): Output port "DRAM_ADDR" at DE2_115.sv(102) has no driver
Warning (10034): Output port "DRAM_BA" at DE2_115.sv(103) has no driver
Warning (10034): Output port "DRAM_DQM" at DE2_115.sv(109) has no driver
Warning (10034): Output port "SRAM_ADDR" at DE2_115.sv(112) has no driver
Warning (10034): Output port "FL_ADDR" at DE2_115.sv(119) has no driver
Warning (10034): Output port "HSMC_TX_D_P" at DE2_115.sv(136) has no driver
Warning (10034): Output port "SMA_CLKOUT" at DE2_115.sv(7) has no driver
Warning (10034): Output port "LCD_BLON" at DE2_115.sv(20) has no driver
Warning (10034): Output port "LCD_EN" at DE2_115.sv(22) has no driver
Warning (10034): Output port "LCD_ON" at DE2_115.sv(23) has no driver
Warning (10034): Output port "LCD_RS" at DE2_115.sv(24) has no driver
Warning (10034): Output port "LCD_RW" at DE2_115.sv(25) has no driver
Warning (10034): Output port "UART_CTS" at DE2_115.sv(26) has no driver
Warning (10034): Output port "UART_TXD" at DE2_115.sv(29) has no driver
Warning (10034): Output port "SD_CLK" at DE2_115.sv(34) has no driver
Warning (10034): Output port "AUD_DACDAT" at DE2_115.sv(49) has no driver
Warning (10034): Output port "AUD_XCK" at DE2_115.sv(52) has no driver
Warning (10034): Output port "EEP_I2C_SCLK" at DE2_115.sv(53) has no driver
Warning (10034): Output port "I2C_SCLK" at DE2_115.sv(55) has no driver
Warning (10034): Output port "ENET0_GTX_CLK" at DE2_115.sv(57) has no driver
Warning (10034): Output port "ENET0_MDC" at DE2_115.sv(59) has no driver
Warning (10034): Output port "ENET0_RST_N" at DE2_115.sv(61) has no driver
Warning (10034): Output port "ENET0_TX_EN" at DE2_115.sv(70) has no driver
Warning (10034): Output port "ENET0_TX_ER" at DE2_115.sv(71) has no driver
Warning (10034): Output port "ENET1_GTX_CLK" at DE2_115.sv(73) has no driver
Warning (10034): Output port "ENET1_MDC" at DE2_115.sv(75) has no driver
Warning (10034): Output port "ENET1_RST_N" at DE2_115.sv(77) has no driver
Warning (10034): Output port "ENET1_TX_EN" at DE2_115.sv(86) has no driver
Warning (10034): Output port "ENET1_TX_ER" at DE2_115.sv(87) has no driver
Warning (10034): Output port "TD_RESET_N" at DE2_115.sv(92) has no driver
Warning (10034): Output port "OTG_CS_N" at DE2_115.sv(96) has no driver
Warning (10034): Output port "OTG_WR_N" at DE2_115.sv(97) has no driver
Warning (10034): Output port "OTG_RD_N" at DE2_115.sv(98) has no driver
Warning (10034): Output port "OTG_RST_N" at DE2_115.sv(100) has no driver
Warning (10034): Output port "DRAM_CAS_N" at DE2_115.sv(104) has no driver
Warning (10034): Output port "DRAM_CKE" at DE2_115.sv(105) has no driver
Warning (10034): Output port "DRAM_CLK" at DE2_115.sv(106) has no driver
Warning (10034): Output port "DRAM_CS_N" at DE2_115.sv(107) has no driver
Warning (10034): Output port "DRAM_RAS_N" at DE2_115.sv(110) has no driver
Warning (10034): Output port "DRAM_WE_N" at DE2_115.sv(111) has no driver
Warning (10034): Output port "SRAM_CE_N" at DE2_115.sv(113) has no driver
Warning (10034): Output port "SRAM_LB_N" at DE2_115.sv(115) has no driver
Warning (10034): Output port "SRAM_OE_N" at DE2_115.sv(116) has no driver
Warning (10034): Output port "SRAM_UB_N" at DE2_115.sv(117) has no driver
Warning (10034): Output port "SRAM_WE_N" at DE2_115.sv(118) has no driver
Warning (10034): Output port "FL_CE_N" at DE2_115.sv(120) has no driver
Warning (10034): Output port "FL_OE_N" at DE2_115.sv(122) has no driver
Warning (10034): Output port "FL_RST_N" at DE2_115.sv(123) has no driver
Warning (10034): Output port "FL_WE_N" at DE2_115.sv(125) has no driver
Warning (10034): Output port "FL_WP_N" at DE2_115.sv(126) has no driver
Warning (10034): Output port "HSMC_CLKOUT_P1" at DE2_115.sv(131) has no driver
Warning (10034): Output port "HSMC_CLKOUT_P2" at DE2_115.sv(132) has no driver
Warning (10034): Output port "HSMC_CLKOUT0" at DE2_115.sv(133) has no driver
Info (12128): Elaborating entity "Debounce" for hierarchy "Debounce:debounce0"
Warning (10230): Verilog HDL assignment warning at Debounce.sv(22): truncated value with size 32 to match size of target (3)
Warning (10230): Verilog HDL assignment warning at Debounce.sv(24): truncated value with size 32 to match size of target (3)
Info (12128): Elaborating entity "VGA" for hierarchy "VGA:vga"
Warning (10230): Verilog HDL assignment warning at VGA.sv(87): truncated value with size 11 to match size of target (10)
Warning (10230): Verilog HDL assignment warning at VGA.sv(190): truncated value with size 11 to match size of target (10)
Warning (10230): Verilog HDL assignment warning at VGA.sv(224): truncated value with size 9 to match size of target (8)
Info (12128): Elaborating entity "StartFrame" for hierarchy "VGA:vga|StartFrame:sf"
Warning (10858): Verilog HDL warning at StartFrame.sv(13): object mem used but never assigned
Warning (10858): Verilog HDL warning at StartFrame.sv(14): object center used but never assigned
Info (12128): Elaborating entity "Symbol" for hierarchy "VGA:vga|Symbol:symbol"
Warning (10030): Net "mem0.data_a" at Symbol.sv(10) has no driver or initial value, using a default initial value '0'
Warning (10030): Net "mem0.waddr_a" at Symbol.sv(10) has no driver or initial value, using a default initial value '0'
Warning (10030): Net "mem1.data_a" at Symbol.sv(11) has no driver or initial value, using a default initial value '0'
Warning (10030): Net "mem1.waddr_a" at Symbol.sv(11) has no driver or initial value, using a default initial value '0'
Warning (10030): Net "mem2.data_a" at Symbol.sv(12) has no driver or initial value, using a default initial value '0'
Warning (10030): Net "mem2.waddr_a" at Symbol.sv(12) has no driver or initial value, using a default initial value '0'
Warning (10030): Net "mem3.data_a" at Symbol.sv(13) has no driver or initial value, using a default initial value '0'
Warning (10030): Net "mem3.waddr_a" at Symbol.sv(13) has no driver or initial value, using a default initial value '0'
Warning (10030): Net "mem4.data_a" at Symbol.sv(14) has no driver or initial value, using a default initial value '0'
Warning (10030): Net "mem4.waddr_a" at Symbol.sv(14) has no driver or initial value, using a default initial value '0'
Warning (10030): Net "mem5.data_a" at Symbol.sv(15) has no driver or initial value, using a default initial value '0'
Warning (10030): Net "mem5.waddr_a" at Symbol.sv(15) has no driver or initial value, using a default initial value '0'
Warning (10030): Net "mem6.data_a" at Symbol.sv(16) has no driver or initial value, using a default initial value '0'
Warning (10030): Net "mem6.waddr_a" at Symbol.sv(16) has no driver or initial value, using a default initial value '0'
Warning (10030): Net "mem7.data_a" at Symbol.sv(17) has no driver or initial value, using a default initial value '0'
Warning (10030): Net "mem7.waddr_a" at Symbol.sv(17) has no driver or initial value, using a default initial value '0'
Warning (10030): Net "mem8.data_a" at Symbol.sv(18) has no driver or initial value, using a default initial value '0'
Warning (10030): Net "mem8.waddr_a" at Symbol.sv(18) has no driver or initial value, using a default initial value '0'
Warning (10030): Net "mem9.data_a" at Symbol.sv(19) has no driver or initial value, using a default initial value '0'
Warning (10030): Net "mem9.waddr_a" at Symbol.sv(19) has no driver or initial value, using a default initial value '0'
Warning (10030): Net "memA.data_a" at Symbol.sv(20) has no driver or initial value, using a default initial value '0'
Warning (10030): Net "memA.waddr_a" at Symbol.sv(20) has no driver or initial value, using a default initial value '0'
Warning (10030): Net "mem0.we_a" at Symbol.sv(10) has no driver or initial value, using a default initial value '0'
Warning (10030): Net "mem1.we_a" at Symbol.sv(11) has no driver or initial value, using a default initial value '0'
Warning (10030): Net "mem2.we_a" at Symbol.sv(12) has no driver or initial value, using a default initial value '0'
Warning (10030): Net "mem3.we_a" at Symbol.sv(13) has no driver or initial value, using a default initial value '0'
Warning (10030): Net "mem4.we_a" at Symbol.sv(14) has no driver or initial value, using a default initial value '0'
Warning (10030): Net "mem5.we_a" at Symbol.sv(15) has no driver or initial value, using a default initial value '0'
Warning (10030): Net "mem6.we_a" at Symbol.sv(16) has no driver or initial value, using a default initial value '0'
Warning (10030): Net "mem7.we_a" at Symbol.sv(17) has no driver or initial value, using a default initial value '0'
Warning (10030): Net "mem8.we_a" at Symbol.sv(18) has no driver or initial value, using a default initial value '0'
Warning (10030): Net "mem9.we_a" at Symbol.sv(19) has no driver or initial value, using a default initial value '0'
Warning (10030): Net "memA.we_a" at Symbol.sv(20) has no driver or initial value, using a default initial value '0'
Info (12128): Elaborating entity "Colon" for hierarchy "VGA:vga|Colon:colon"
Warning (10030): Net "mem.data_a" at Colon.sv(9) has no driver or initial value, using a default initial value '0'
Warning (10030): Net "mem.waddr_a" at Colon.sv(9) has no driver or initial value, using a default initial value '0'
Warning (10030): Net "mem.we_a" at Colon.sv(9) has no driver or initial value, using a default initial value '0'
Info (12128): Elaborating entity "Joystick" for hierarchy "Joystick:p1"
Info (276014): Found 5 instances of uninferred RAM logic
    Info (276007): RAM logic "VGA:vga|Symbol:symbol|mem0" is uninferred due to asynchronous read logic
    Info (276007): RAM logic "VGA:vga|Symbol:symbol|mem2" is uninferred due to asynchronous read logic
    Info (276007): RAM logic "VGA:vga|Symbol:symbol|mem8" is uninferred due to asynchronous read logic
    Info (276007): RAM logic "VGA:vga|Symbol:symbol|memA" is uninferred due to asynchronous read logic
    Info (276007): RAM logic "VGA:vga|Colon:colon|mem" is uninferred due to asynchronous read logic
Critical Warning (127005): Memory depth (64) in the design file differs from memory depth (40) in the Memory Initialization File "C:/Users/team06/Desktop/dclab_final/db/DE2_115.ram0_Symbol_a98a3296.hdl.mif" -- setting initial value for remaining addresses to 0
Critical Warning (127005): Memory depth (64) in the design file differs from memory depth (40) in the Memory Initialization File "C:/Users/team06/Desktop/dclab_final/db/DE2_115.ram2_Symbol_a98a3296.hdl.mif" -- setting initial value for remaining addresses to 0
Critical Warning (127005): Memory depth (64) in the design file differs from memory depth (40) in the Memory Initialization File "C:/Users/team06/Desktop/dclab_final/db/DE2_115.ram8_Symbol_a98a3296.hdl.mif" -- setting initial value for remaining addresses to 0
Critical Warning (127005): Memory depth (64) in the design file differs from memory depth (40) in the Memory Initialization File "C:/Users/team06/Desktop/dclab_final/db/DE2_115.ram10_Symbol_a98a3296.hdl.mif" -- setting initial value for remaining addresses to 0
Critical Warning (127005): Memory depth (64) in the design file differs from memory depth (40) in the Memory Initialization File "C:/Users/team06/Desktop/dclab_final/db/DE2_115.ram0_Colon_48f3690.hdl.mif" -- setting initial value for remaining addresses to 0
Warning (12241): 9 hierarchies have connectivity warnings - see the Connectivity Checks report folder
Warning (13039): The following bidirectional pins have no drivers
    Warning (13040): bidirectional pin "GPIO[1]" has no driver
    Warning (13040): bidirectional pin "GPIO[5]" has no driver
    Warning (13040): bidirectional pin "GPIO[9]" has no driver
    Warning (13040): bidirectional pin "GPIO[13]" has no driver
    Warning (13040): bidirectional pin "GPIO[17]" has no driver
    Warning (13040): bidirectional pin "LCD_DATA[0]" has no driver
    Warning (13040): bidirectional pin "LCD_DATA[1]" has no driver
    Warning (13040): bidirectional pin "LCD_DATA[2]" has no driver
    Warning (13040): bidirectional pin "LCD_DATA[3]" has no driver
    Warning (13040): bidirectional pin "LCD_DATA[4]" has no driver
    Warning (13040): bidirectional pin "LCD_DATA[5]" has no driver
    Warning (13040): bidirectional pin "LCD_DATA[6]" has no driver
    Warning (13040): bidirectional pin "LCD_DATA[7]" has no driver
    Warning (13040): bidirectional pin "PS2_CLK" has no driver
    Warning (13040): bidirectional pin "PS2_DAT" has no driver
    Warning (13040): bidirectional pin "PS2_CLK2" has no driver
    Warning (13040): bidirectional pin "PS2_DAT2" has no driver
    Warning (13040): bidirectional pin "SD_CMD" has no driver
    Warning (13040): bidirectional pin "SD_DAT[0]" has no driver
    Warning (13040): bidirectional pin "SD_DAT[1]" has no driver
    Warning (13040): bidirectional pin "SD_DAT[2]" has no driver
    Warning (13040): bidirectional pin "SD_DAT[3]" has no driver
    Warning (13040): bidirectional pin "AUD_ADCLRCK" has no driver
    Warning (13040): bidirectional pin "AUD_BCLK" has no driver
    Warning (13040): bidirectional pin "EEP_I2C_SDAT" has no driver
    Warning (13040): bidirectional pin "I2C_SDAT" has no driver
    Warning (13040): bidirectional pin "OTG_DATA[0]" has no driver
    Warning (13040): bidirectional pin "OTG_DATA[1]" has no driver
    Warning (13040): bidirectional pin "OTG_DATA[2]" has no driver
    Warning (13040): bidirectional pin "OTG_DATA[3]" has no driver
    Warning (13040): bidirectional pin "OTG_DATA[4]" has no driver
    Warning (13040): bidirectional pin "OTG_DATA[5]" has no driver
    Warning (13040): bidirectional pin "OTG_DATA[6]" has no driver
    Warning (13040): bidirectional pin "OTG_DATA[7]" has no driver
    Warning (13040): bidirectional pin "OTG_DATA[8]" has no driver
    Warning (13040): bidirectional pin "OTG_DATA[9]" has no driver
    Warning (13040): bidirectional pin "OTG_DATA[10]" has no driver
    Warning (13040): bidirectional pin "OTG_DATA[11]" has no driver
    Warning (13040): bidirectional pin "OTG_DATA[12]" has no driver
    Warning (13040): bidirectional pin "OTG_DATA[13]" has no driver
    Warning (13040): bidirectional pin "OTG_DATA[14]" has no driver
    Warning (13040): bidirectional pin "OTG_DATA[15]" has no driver
    Warning (13040): bidirectional pin "DRAM_DQ[0]" has no driver
    Warning (13040): bidirectional pin "DRAM_DQ[1]" has no driver
    Warning (13040): bidirectional pin "DRAM_DQ[2]" has no driver
    Warning (13040): bidirectional pin "DRAM_DQ[3]" has no driver
    Warning (13040): bidirectional pin "DRAM_DQ[4]" has no driver
    Warning (13040): bidirectional pin "DRAM_DQ[5]" has no driver
    Warning (13040): bidirectional pin "DRAM_DQ[6]" has no driver
    Warning (13040): bidirectional pin "DRAM_DQ[7]" has no driver
    Warning (13040): bidirectional pin "DRAM_DQ[8]" has no driver
    Warning (13040): bidirectional pin "DRAM_DQ[9]" has no driver
    Warning (13040): bidirectional pin "DRAM_DQ[10]" has no driver
    Warning (13040): bidirectional pin "DRAM_DQ[11]" has no driver
    Warning (13040): bidirectional pin "DRAM_DQ[12]" has no driver
    Warning (13040): bidirectional pin "DRAM_DQ[13]" has no driver
    Warning (13040): bidirectional pin "DRAM_DQ[14]" has no driver
    Warning (13040): bidirectional pin "DRAM_DQ[15]" has no driver
    Warning (13040): bidirectional pin "DRAM_DQ[16]" has no driver
    Warning (13040): bidirectional pin "DRAM_DQ[17]" has no driver
    Warning (13040): bidirectional pin "DRAM_DQ[18]" has no driver
    Warning (13040): bidirectional pin "DRAM_DQ[19]" has no driver
    Warning (13040): bidirectional pin "DRAM_DQ[20]" has no driver
    Warning (13040): bidirectional pin "DRAM_DQ[21]" has no driver
    Warning (13040): bidirectional pin "DRAM_DQ[22]" has no driver
    Warning (13040): bidirectional pin "DRAM_DQ[23]" has no driver
    Warning (13040): bidirectional pin "DRAM_DQ[24]" has no driver
    Warning (13040): bidirectional pin "DRAM_DQ[25]" has no driver
    Warning (13040): bidirectional pin "DRAM_DQ[26]" has no driver
    Warning (13040): bidirectional pin "DRAM_DQ[27]" has no driver
    Warning (13040): bidirectional pin "DRAM_DQ[28]" has no driver
    Warning (13040): bidirectional pin "DRAM_DQ[29]" has no driver
    Warning (13040): bidirectional pin "DRAM_DQ[30]" has no driver
    Warning (13040): bidirectional pin "DRAM_DQ[31]" has no driver
    Warning (13040): bidirectional pin "SRAM_DQ[0]" has no driver
    Warning (13040): bidirectional pin "SRAM_DQ[1]" has no driver
    Warning (13040): bidirectional pin "SRAM_DQ[2]" has no driver
    Warning (13040): bidirectional pin "SRAM_DQ[3]" has no driver
    Warning (13040): bidirectional pin "SRAM_DQ[4]" has no driver
    Warning (13040): bidirectional pin "SRAM_DQ[5]" has no driver
    Warning (13040): bidirectional pin "SRAM_DQ[6]" has no driver
    Warning (13040): bidirectional pin "SRAM_DQ[7]" has no driver
    Warning (13040): bidirectional pin "SRAM_DQ[8]" has no driver
    Warning (13040): bidirectional pin "SRAM_DQ[9]" has no driver
    Warning (13040): bidirectional pin "SRAM_DQ[10]" has no driver
    Warning (13040): bidirectional pin "SRAM_DQ[11]" has no driver
    Warning (13040): bidirectional pin "SRAM_DQ[12]" has no driver
    Warning (13040): bidirectional pin "SRAM_DQ[13]" has no driver
    Warning (13040): bidirectional pin "SRAM_DQ[14]" has no driver
    Warning (13040): bidirectional pin "SRAM_DQ[15]" has no driver
    Warning (13040): bidirectional pin "FL_DQ[0]" has no driver
    Warning (13040): bidirectional pin "FL_DQ[1]" has no driver
    Warning (13040): bidirectional pin "FL_DQ[2]" has no driver
    Warning (13040): bidirectional pin "FL_DQ[3]" has no driver
    Warning (13040): bidirectional pin "FL_DQ[4]" has no driver
    Warning (13040): bidirectional pin "FL_DQ[5]" has no driver
    Warning (13040): bidirectional pin "FL_DQ[6]" has no driver
    Warning (13040): bidirectional pin "FL_DQ[7]" has no driver
    Warning (13040): bidirectional pin "GPIO[0]" has no driver
    Warning (13040): bidirectional pin "GPIO[2]" has no driver
    Warning (13040): bidirectional pin "GPIO[3]" has no driver
    Warning (13040): bidirectional pin "GPIO[4]" has no driver
    Warning (13040): bidirectional pin "GPIO[6]" has no driver
    Warning (13040): bidirectional pin "GPIO[7]" has no driver
    Warning (13040): bidirectional pin "GPIO[8]" has no driver
    Warning (13040): bidirectional pin "GPIO[10]" has no driver
    Warning (13040): bidirectional pin "GPIO[11]" has no driver
    Warning (13040): bidirectional pin "GPIO[12]" has no driver
    Warning (13040): bidirectional pin "GPIO[14]" has no driver
    Warning (13040): bidirectional pin "GPIO[15]" has no driver
    Warning (13040): bidirectional pin "GPIO[16]" has no driver
    Warning (13040): bidirectional pin "GPIO[18]" has no driver
    Warning (13040): bidirectional pin "GPIO[19]" has no driver
    Warning (13040): bidirectional pin "GPIO[20]" has no driver
    Warning (13040): bidirectional pin "GPIO[21]" has no driver
    Warning (13040): bidirectional pin "GPIO[22]" has no driver
    Warning (13040): bidirectional pin "GPIO[23]" has no driver
    Warning (13040): bidirectional pin "GPIO[24]" has no driver
    Warning (13040): bidirectional pin "GPIO[25]" has no driver
    Warning (13040): bidirectional pin "GPIO[26]" has no driver
    Warning (13040): bidirectional pin "GPIO[27]" has no driver
    Warning (13040): bidirectional pin "GPIO[28]" has no driver
    Warning (13040): bidirectional pin "GPIO[29]" has no driver
    Warning (13040): bidirectional pin "GPIO[30]" has no driver
    Warning (13040): bidirectional pin "GPIO[31]" has no driver
    Warning (13040): bidirectional pin "GPIO[32]" has no driver
    Warning (13040): bidirectional pin "GPIO[33]" has no driver
    Warning (13040): bidirectional pin "GPIO[34]" has no driver
    Warning (13040): bidirectional pin "GPIO[35]" has no driver
    Warning (13040): bidirectional pin "HSMC_D[0]" has no driver
    Warning (13040): bidirectional pin "HSMC_D[1]" has no driver
    Warning (13040): bidirectional pin "HSMC_D[2]" has no driver
    Warning (13040): bidirectional pin "HSMC_D[3]" has no driver
    Warning (13040): bidirectional pin "EX_IO[0]" has no driver
    Warning (13040): bidirectional pin "EX_IO[1]" has no driver
    Warning (13040): bidirectional pin "EX_IO[2]" has no driver
    Warning (13040): bidirectional pin "EX_IO[3]" has no driver
    Warning (13040): bidirectional pin "EX_IO[4]" has no driver
    Warning (13040): bidirectional pin "EX_IO[5]" has no driver
    Warning (13040): bidirectional pin "EX_IO[6]" has no driver
Warning (13024): Output pins are stuck at VCC or GND
    Warning (13410): Pin "SMA_CLKOUT" is stuck at GND
    Warning (13410): Pin "LEDG[5]" is stuck at GND
    Warning (13410): Pin "LEDG[6]" is stuck at GND
    Warning (13410): Pin "LEDG[7]" is stuck at GND
    Warning (13410): Pin "LEDG[8]" is stuck at GND
    Warning (13410): Pin "LEDR[0]" is stuck at GND
    Warning (13410): Pin "LEDR[1]" is stuck at GND
    Warning (13410): Pin "LEDR[2]" is stuck at GND
    Warning (13410): Pin "LEDR[3]" is stuck at GND
    Warning (13410): Pin "LEDR[4]" is stuck at GND
    Warning (13410): Pin "LEDR[5]" is stuck at GND
    Warning (13410): Pin "LEDR[6]" is stuck at GND
    Warning (13410): Pin "LEDR[7]" is stuck at GND
    Warning (13410): Pin "LEDR[8]" is stuck at GND
    Warning (13410): Pin "LEDR[9]" is stuck at GND
    Warning (13410): Pin "LEDR[10]" is stuck at GND
    Warning (13410): Pin "LEDR[11]" is stuck at GND
    Warning (13410): Pin "LEDR[12]" is stuck at GND
    Warning (13410): Pin "LEDR[13]" is stuck at GND
    Warning (13410): Pin "LEDR[14]" is stuck at GND
    Warning (13410): Pin "LEDR[15]" is stuck at GND
    Warning (13410): Pin "LEDR[16]" is stuck at GND
    Warning (13410): Pin "LEDR[17]" is stuck at GND
    Warning (13410): Pin "HEX0[0]" is stuck at GND
    Warning (13410): Pin "HEX0[1]" is stuck at GND
    Warning (13410): Pin "HEX0[2]" is stuck at GND
    Warning (13410): Pin "HEX0[3]" is stuck at GND
    Warning (13410): Pin "HEX0[4]" is stuck at GND
    Warning (13410): Pin "HEX0[5]" is stuck at GND
    Warning (13410): Pin "HEX0[6]" is stuck at GND
    Warning (13410): Pin "HEX1[0]" is stuck at GND
    Warning (13410): Pin "HEX1[1]" is stuck at GND
    Warning (13410): Pin "HEX1[2]" is stuck at GND
    Warning (13410): Pin "HEX1[3]" is stuck at GND
    Warning (13410): Pin "HEX1[4]" is stuck at GND
    Warning (13410): Pin "HEX1[5]" is stuck at GND
    Warning (13410): Pin "HEX1[6]" is stuck at GND
    Warning (13410): Pin "HEX2[0]" is stuck at GND
    Warning (13410): Pin "HEX2[1]" is stuck at GND
    Warning (13410): Pin "HEX2[2]" is stuck at GND
    Warning (13410): Pin "HEX2[3]" is stuck at GND
    Warning (13410): Pin "HEX2[4]" is stuck at GND
    Warning (13410): Pin "HEX2[5]" is stuck at GND
    Warning (13410): Pin "HEX2[6]" is stuck at GND
    Warning (13410): Pin "HEX3[0]" is stuck at GND
    Warning (13410): Pin "HEX3[1]" is stuck at GND
    Warning (13410): Pin "HEX3[2]" is stuck at GND
    Warning (13410): Pin "HEX3[3]" is stuck at GND
    Warning (13410): Pin "HEX3[4]" is stuck at GND
    Warning (13410): Pin "HEX3[5]" is stuck at GND
    Warning (13410): Pin "HEX3[6]" is stuck at GND
    Warning (13410): Pin "HEX4[0]" is stuck at GND
    Warning (13410): Pin "HEX4[1]" is stuck at GND
    Warning (13410): Pin "HEX4[2]" is stuck at GND
    Warning (13410): Pin "HEX4[3]" is stuck at GND
    Warning (13410): Pin "HEX4[4]" is stuck at GND
    Warning (13410): Pin "HEX4[5]" is stuck at GND
    Warning (13410): Pin "HEX4[6]" is stuck at GND
    Warning (13410): Pin "HEX5[0]" is stuck at GND
    Warning (13410): Pin "HEX5[1]" is stuck at GND
    Warning (13410): Pin "HEX5[2]" is stuck at GND
    Warning (13410): Pin "HEX5[3]" is stuck at GND
    Warning (13410): Pin "HEX5[4]" is stuck at GND
    Warning (13410): Pin "HEX5[5]" is stuck at GND
    Warning (13410): Pin "HEX5[6]" is stuck at GND
    Warning (13410): Pin "HEX6[0]" is stuck at GND
    Warning (13410): Pin "HEX6[1]" is stuck at GND
    Warning (13410): Pin "HEX6[2]" is stuck at GND
    Warning (13410): Pin "HEX6[3]" is stuck at GND
    Warning (13410): Pin "HEX6[4]" is stuck at GND
    Warning (13410): Pin "HEX6[5]" is stuck at GND
    Warning (13410): Pin "HEX6[6]" is stuck at GND
    Warning (13410): Pin "HEX7[0]" is stuck at GND
    Warning (13410): Pin "HEX7[1]" is stuck at GND
    Warning (13410): Pin "HEX7[2]" is stuck at GND
    Warning (13410): Pin "HEX7[3]" is stuck at GND
    Warning (13410): Pin "HEX7[4]" is stuck at GND
    Warning (13410): Pin "HEX7[5]" is stuck at GND
    Warning (13410): Pin "HEX7[6]" is stuck at GND
    Warning (13410): Pin "LCD_BLON" is stuck at GND
    Warning (13410): Pin "LCD_EN" is stuck at GND
    Warning (13410): Pin "LCD_ON" is stuck at GND
    Warning (13410): Pin "LCD_RS" is stuck at GND
    Warning (13410): Pin "LCD_RW" is stuck at GND
    Warning (13410): Pin "UART_CTS" is stuck at GND
    Warning (13410): Pin "UART_TXD" is stuck at GND
    Warning (13410): Pin "SD_CLK" is stuck at GND
    Warning (13410): Pin "VGA_SYNC_N" is stuck at GND
    Warning (13410): Pin "AUD_DACDAT" is stuck at GND
    Warning (13410): Pin "AUD_XCK" is stuck at GND
    Warning (13410): Pin "EEP_I2C_SCLK" is stuck at GND
    Warning (13410): Pin "I2C_SCLK" is stuck at GND
    Warning (13410): Pin "ENET0_GTX_CLK" is stuck at GND
    Warning (13410): Pin "ENET0_MDC" is stuck at GND
    Warning (13410): Pin "ENET0_RST_N" is stuck at GND
    Warning (13410): Pin "ENET0_TX_DATA[0]" is stuck at GND
    Warning (13410): Pin "ENET0_TX_DATA[1]" is stuck at GND
    Warning (13410): Pin "ENET0_TX_DATA[2]" is stuck at GND
    Warning (13410): Pin "ENET0_TX_DATA[3]" is stuck at GND
    Warning (13410): Pin "ENET0_TX_EN" is stuck at GND
    Warning (13410): Pin "ENET0_TX_ER" is stuck at GND
    Warning (13410): Pin "ENET1_GTX_CLK" is stuck at GND
    Warning (13410): Pin "ENET1_MDC" is stuck at GND
    Warning (13410): Pin "ENET1_RST_N" is stuck at GND
    Warning (13410): Pin "ENET1_TX_DATA[0]" is stuck at GND
    Warning (13410): Pin "ENET1_TX_DATA[1]" is stuck at GND
    Warning (13410): Pin "ENET1_TX_DATA[2]" is stuck at GND
    Warning (13410): Pin "ENET1_TX_DATA[3]" is stuck at GND
    Warning (13410): Pin "ENET1_TX_EN" is stuck at GND
    Warning (13410): Pin "ENET1_TX_ER" is stuck at GND
    Warning (13410): Pin "TD_RESET_N" is stuck at GND
    Warning (13410): Pin "OTG_ADDR[0]" is stuck at GND
    Warning (13410): Pin "OTG_ADDR[1]" is stuck at GND
    Warning (13410): Pin "OTG_CS_N" is stuck at GND
    Warning (13410): Pin "OTG_WR_N" is stuck at GND
    Warning (13410): Pin "OTG_RD_N" is stuck at GND
    Warning (13410): Pin "OTG_RST_N" is stuck at GND
    Warning (13410): Pin "DRAM_ADDR[0]" is stuck at GND
    Warning (13410): Pin "DRAM_ADDR[1]" is stuck at GND
    Warning (13410): Pin "DRAM_ADDR[2]" is stuck at GND
    Warning (13410): Pin "DRAM_ADDR[3]" is stuck at GND
    Warning (13410): Pin "DRAM_ADDR[4]" is stuck at GND
    Warning (13410): Pin "DRAM_ADDR[5]" is stuck at GND
    Warning (13410): Pin "DRAM_ADDR[6]" is stuck at GND
    Warning (13410): Pin "DRAM_ADDR[7]" is stuck at GND
    Warning (13410): Pin "DRAM_ADDR[8]" is stuck at GND
    Warning (13410): Pin "DRAM_ADDR[9]" is stuck at GND
    Warning (13410): Pin "DRAM_ADDR[10]" is stuck at GND
    Warning (13410): Pin "DRAM_ADDR[11]" is stuck at GND
    Warning (13410): Pin "DRAM_ADDR[12]" is stuck at GND
    Warning (13410): Pin "DRAM_BA[0]" is stuck at GND
    Warning (13410): Pin "DRAM_BA[1]" is stuck at GND
    Warning (13410): Pin "DRAM_CAS_N" is stuck at GND
    Warning (13410): Pin "DRAM_CKE" is stuck at GND
    Warning (13410): Pin "DRAM_CLK" is stuck at GND
    Warning (13410): Pin "DRAM_CS_N" is stuck at GND
    Warning (13410): Pin "DRAM_DQM[0]" is stuck at GND
    Warning (13410): Pin "DRAM_DQM[1]" is stuck at GND
    Warning (13410): Pin "DRAM_DQM[2]" is stuck at GND
    Warning (13410): Pin "DRAM_DQM[3]" is stuck at GND
    Warning (13410): Pin "DRAM_RAS_N" is stuck at GND
    Warning (13410): Pin "DRAM_WE_N" is stuck at GND
    Warning (13410): Pin "SRAM_ADDR[0]" is stuck at GND
    Warning (13410): Pin "SRAM_ADDR[1]" is stuck at GND
    Warning (13410): Pin "SRAM_ADDR[2]" is stuck at GND
    Warning (13410): Pin "SRAM_ADDR[3]" is stuck at GND
    Warning (13410): Pin "SRAM_ADDR[4]" is stuck at GND
    Warning (13410): Pin "SRAM_ADDR[5]" is stuck at GND
    Warning (13410): Pin "SRAM_ADDR[6]" is stuck at GND
    Warning (13410): Pin "SRAM_ADDR[7]" is stuck at GND
    Warning (13410): Pin "SRAM_ADDR[8]" is stuck at GND
    Warning (13410): Pin "SRAM_ADDR[9]" is stuck at GND
    Warning (13410): Pin "SRAM_ADDR[10]" is stuck at GND
    Warning (13410): Pin "SRAM_ADDR[11]" is stuck at GND
    Warning (13410): Pin "SRAM_ADDR[12]" is stuck at GND
    Warning (13410): Pin "SRAM_ADDR[13]" is stuck at GND
    Warning (13410): Pin "SRAM_ADDR[14]" is stuck at GND
    Warning (13410): Pin "SRAM_ADDR[15]" is stuck at GND
    Warning (13410): Pin "SRAM_ADDR[16]" is stuck at GND
    Warning (13410): Pin "SRAM_ADDR[17]" is stuck at GND
    Warning (13410): Pin "SRAM_ADDR[18]" is stuck at GND
    Warning (13410): Pin "SRAM_ADDR[19]" is stuck at GND
    Warning (13410): Pin "SRAM_CE_N" is stuck at GND
    Warning (13410): Pin "SRAM_LB_N" is stuck at GND
    Warning (13410): Pin "SRAM_OE_N" is stuck at GND
    Warning (13410): Pin "SRAM_UB_N" is stuck at GND
    Warning (13410): Pin "SRAM_WE_N" is stuck at GND
    Warning (13410): Pin "FL_ADDR[0]" is stuck at GND
    Warning (13410): Pin "FL_ADDR[1]" is stuck at GND
    Warning (13410): Pin "FL_ADDR[2]" is stuck at GND
    Warning (13410): Pin "FL_ADDR[3]" is stuck at GND
    Warning (13410): Pin "FL_ADDR[4]" is stuck at GND
    Warning (13410): Pin "FL_ADDR[5]" is stuck at GND
    Warning (13410): Pin "FL_ADDR[6]" is stuck at GND
    Warning (13410): Pin "FL_ADDR[7]" is stuck at GND
    Warning (13410): Pin "FL_ADDR[8]" is stuck at GND
    Warning (13410): Pin "FL_ADDR[9]" is stuck at GND
    Warning (13410): Pin "FL_ADDR[10]" is stuck at GND
    Warning (13410): Pin "FL_ADDR[11]" is stuck at GND
    Warning (13410): Pin "FL_ADDR[12]" is stuck at GND
    Warning (13410): Pin "FL_ADDR[13]" is stuck at GND
    Warning (13410): Pin "FL_ADDR[14]" is stuck at GND
    Warning (13410): Pin "FL_ADDR[15]" is stuck at GND
    Warning (13410): Pin "FL_ADDR[16]" is stuck at GND
    Warning (13410): Pin "FL_ADDR[17]" is stuck at GND
    Warning (13410): Pin "FL_ADDR[18]" is stuck at GND
    Warning (13410): Pin "FL_ADDR[19]" is stuck at GND
    Warning (13410): Pin "FL_ADDR[20]" is stuck at GND
    Warning (13410): Pin "FL_ADDR[21]" is stuck at GND
    Warning (13410): Pin "FL_ADDR[22]" is stuck at GND
    Warning (13410): Pin "FL_CE_N" is stuck at GND
    Warning (13410): Pin "FL_OE_N" is stuck at GND
    Warning (13410): Pin "FL_RST_N" is stuck at GND
    Warning (13410): Pin "FL_WE_N" is stuck at GND
    Warning (13410): Pin "FL_WP_N" is stuck at GND
    Warning (13410): Pin "HSMC_CLKOUT_P1" is stuck at GND
    Warning (13410): Pin "HSMC_CLKOUT_P2" is stuck at GND
    Warning (13410): Pin "HSMC_CLKOUT0" is stuck at GND
    Warning (13410): Pin "HSMC_TX_D_P[0]" is stuck at GND
    Warning (13410): Pin "HSMC_TX_D_P[1]" is stuck at GND
    Warning (13410): Pin "HSMC_TX_D_P[2]" is stuck at GND
    Warning (13410): Pin "HSMC_TX_D_P[3]" is stuck at GND
    Warning (13410): Pin "HSMC_TX_D_P[4]" is stuck at GND
    Warning (13410): Pin "HSMC_TX_D_P[5]" is stuck at GND
    Warning (13410): Pin "HSMC_TX_D_P[6]" is stuck at GND
    Warning (13410): Pin "HSMC_TX_D_P[7]" is stuck at GND
    Warning (13410): Pin "HSMC_TX_D_P[8]" is stuck at GND
    Warning (13410): Pin "HSMC_TX_D_P[9]" is stuck at GND
    Warning (13410): Pin "HSMC_TX_D_P[10]" is stuck at GND
    Warning (13410): Pin "HSMC_TX_D_P[11]" is stuck at GND
    Warning (13410): Pin "HSMC_TX_D_P[12]" is stuck at GND
    Warning (13410): Pin "HSMC_TX_D_P[13]" is stuck at GND
    Warning (13410): Pin "HSMC_TX_D_P[14]" is stuck at GND
    Warning (13410): Pin "HSMC_TX_D_P[15]" is stuck at GND
    Warning (13410): Pin "HSMC_TX_D_P[16]" is stuck at GND
Info (286030): Timing-Driven Synthesis is running
Info (16010): Generating hard_block partition "hard_block:auto_generated_inst"
    Info (16011): Adding 0 node(s), including 0 DDIO, 0 PLL, 0 transceiver and 0 LCELL
Warning (21074): Design contains 88 input pin(s) that do not drive logic
    Warning (15610): No output dependent on input pin "CLOCK2_50"
    Warning (15610): No output dependent on input pin "CLOCK3_50"
    Warning (15610): No output dependent on input pin "ENETCLK_25"
    Warning (15610): No output dependent on input pin "SMA_CLKIN"
    Warning (15610): No output dependent on input pin "KEY[3]"
    Warning (15610): No output dependent on input pin "SW[0]"
    Warning (15610): No output dependent on input pin "SW[1]"
    Warning (15610): No output dependent on input pin "SW[2]"
    Warning (15610): No output dependent on input pin "SW[3]"
    Warning (15610): No output dependent on input pin "SW[4]"
    Warning (15610): No output dependent on input pin "SW[5]"
    Warning (15610): No output dependent on input pin "SW[6]"
    Warning (15610): No output dependent on input pin "SW[7]"
    Warning (15610): No output dependent on input pin "SW[8]"
    Warning (15610): No output dependent on input pin "SW[9]"
    Warning (15610): No output dependent on input pin "SW[10]"
    Warning (15610): No output dependent on input pin "SW[11]"
    Warning (15610): No output dependent on input pin "SW[12]"
    Warning (15610): No output dependent on input pin "SW[13]"
    Warning (15610): No output dependent on input pin "SW[14]"
    Warning (15610): No output dependent on input pin "SW[15]"
    Warning (15610): No output dependent on input pin "SW[16]"
    Warning (15610): No output dependent on input pin "SW[17]"
    Warning (15610): No output dependent on input pin "UART_RTS"
    Warning (15610): No output dependent on input pin "UART_RXD"
    Warning (15610): No output dependent on input pin "SD_WP_N"
    Warning (15610): No output dependent on input pin "AUD_ADCDAT"
    Warning (15610): No output dependent on input pin "AUD_DACLRCK"
    Warning (15610): No output dependent on input pin "ENET0_INT_N"
    Warning (15610): No output dependent on input pin "ENET0_MDIO"
    Warning (15610): No output dependent on input pin "ENET0_RX_CLK"
    Warning (15610): No output dependent on input pin "ENET0_RX_COL"
    Warning (15610): No output dependent on input pin "ENET0_RX_CRS"
    Warning (15610): No output dependent on input pin "ENET0_RX_DATA[0]"
    Warning (15610): No output dependent on input pin "ENET0_RX_DATA[1]"
    Warning (15610): No output dependent on input pin "ENET0_RX_DATA[2]"
    Warning (15610): No output dependent on input pin "ENET0_RX_DATA[3]"
    Warning (15610): No output dependent on input pin "ENET0_RX_DV"
    Warning (15610): No output dependent on input pin "ENET0_RX_ER"
    Warning (15610): No output dependent on input pin "ENET0_TX_CLK"
    Warning (15610): No output dependent on input pin "ENET0_LINK100"
    Warning (15610): No output dependent on input pin "ENET1_INT_N"
    Warning (15610): No output dependent on input pin "ENET1_MDIO"
    Warning (15610): No output dependent on input pin "ENET1_RX_CLK"
    Warning (15610): No output dependent on input pin "ENET1_RX_COL"
    Warning (15610): No output dependent on input pin "ENET1_RX_CRS"
    Warning (15610): No output dependent on input pin "ENET1_RX_DATA[0]"
    Warning (15610): No output dependent on input pin "ENET1_RX_DATA[1]"
    Warning (15610): No output dependent on input pin "ENET1_RX_DATA[2]"
    Warning (15610): No output dependent on input pin "ENET1_RX_DATA[3]"
    Warning (15610): No output dependent on input pin "ENET1_RX_DV"
    Warning (15610): No output dependent on input pin "ENET1_RX_ER"
    Warning (15610): No output dependent on input pin "ENET1_TX_CLK"
    Warning (15610): No output dependent on input pin "ENET1_LINK100"
    Warning (15610): No output dependent on input pin "TD_CLK27"
    Warning (15610): No output dependent on input pin "TD_DATA[0]"
    Warning (15610): No output dependent on input pin "TD_DATA[1]"
    Warning (15610): No output dependent on input pin "TD_DATA[2]"
    Warning (15610): No output dependent on input pin "TD_DATA[3]"
    Warning (15610): No output dependent on input pin "TD_DATA[4]"
    Warning (15610): No output dependent on input pin "TD_DATA[5]"
    Warning (15610): No output dependent on input pin "TD_DATA[6]"
    Warning (15610): No output dependent on input pin "TD_DATA[7]"
    Warning (15610): No output dependent on input pin "TD_HS"
    Warning (15610): No output dependent on input pin "TD_VS"
    Warning (15610): No output dependent on input pin "OTG_INT"
    Warning (15610): No output dependent on input pin "IRDA_RXD"
    Warning (15610): No output dependent on input pin "FL_RY"
    Warning (15610): No output dependent on input pin "HSMC_CLKIN_P1"
    Warning (15610): No output dependent on input pin "HSMC_CLKIN_P2"
    Warning (15610): No output dependent on input pin "HSMC_CLKIN0"
    Warning (15610): No output dependent on input pin "HSMC_RX_D_P[0]"
    Warning (15610): No output dependent on input pin "HSMC_RX_D_P[1]"
    Warning (15610): No output dependent on input pin "HSMC_RX_D_P[2]"
    Warning (15610): No output dependent on input pin "HSMC_RX_D_P[3]"
    Warning (15610): No output dependent on input pin "HSMC_RX_D_P[4]"
    Warning (15610): No output dependent on input pin "HSMC_RX_D_P[5]"
    Warning (15610): No output dependent on input pin "HSMC_RX_D_P[6]"
    Warning (15610): No output dependent on input pin "HSMC_RX_D_P[7]"
    Warning (15610): No output dependent on input pin "HSMC_RX_D_P[8]"
    Warning (15610): No output dependent on input pin "HSMC_RX_D_P[9]"
    Warning (15610): No output dependent on input pin "HSMC_RX_D_P[10]"
    Warning (15610): No output dependent on input pin "HSMC_RX_D_P[11]"
    Warning (15610): No output dependent on input pin "HSMC_RX_D_P[12]"
    Warning (15610): No output dependent on input pin "HSMC_RX_D_P[13]"
    Warning (15610): No output dependent on input pin "HSMC_RX_D_P[14]"
    Warning (15610): No output dependent on input pin "HSMC_RX_D_P[15]"
    Warning (15610): No output dependent on input pin "HSMC_RX_D_P[16]"
Info (21057): Implemented 812 device resources after synthesis - the final resource count might be different
    Info (21058): Implemented 92 input pins
    Info (21059): Implemented 248 output pins
    Info (21060): Implemented 140 bidirectional pins
    Info (21061): Implemented 332 logic cells
Info: Quartus II 64-Bit Analysis & Synthesis was successful. 0 errors, 561 warnings
    Info: Peak virtual memory: 4869 megabytes
    Info: Processing ended: Sat Jun 22 20:37:03 2019
    Info: Elapsed time: 00:00:09
    Info: Total CPU time (on all processors): 00:00:19


